MemTotal:        4059272 kB
MemFree:         3320728 kB
MemAvailable:    3791976 kB
Buffers:            6948 kB
Cached:            73092 kB
SwapCached:         3328 kB
Active:            39372 kB
Inactive:          39200 kB
Active(anon):       7976 kB
Inactive(anon):     7896 kB
Active(file):      31396 kB
Inactive(file):    31304 kB
Unevictable:       15380 kB
Mlocked:               0 kB
SwapTotal:       2029632 kB
SwapFree:        1981596 kB
Dirty:                24 kB
Writeback:             0 kB
AnonPages:         13716 kB
Mapped:            19536 kB
Shmem:              1952 kB
Slab:              46720 kB
SReclaimable:      19700 kB
SUnreclaim:        27020 kB
KernelStack:        3344 kB
PageTables:         1640 kB
NFS_Unstable:          0 kB
Bounce:                0 kB
WritebackTmp:          0 kB
CommitLimit:     4059268 kB
Committed_AS:     250828 kB
VmallocTotal:   263061440 kB
VmallocUsed:           0 kB
VmallocChunk:          0 kB
AnonHugePages:         0 kB
ShmemHugePages:        0 kB
ShmemPmdMapped:        0 kB
NvMapMemFree:     505460 kB
NvMapMemUsed:          0 kB
CmaTotal:         475136 kB
CmaFree:          431604 kB
HugePages_Total:       0
HugePages_Free:        0
HugePages_Rsvd:        0
HugePages_Surp:        0
Hugepagesize:       2048 kB
