MemTotal:        4059272 kB
MemFree:         3310132 kB
MemAvailable:    3744808 kB
Buffers:           32388 kB
Cached:           525936 kB
SwapCached:            0 kB
Active:           407648 kB
Inactive:         191920 kB
Active(anon):      42004 kB
Inactive(anon):    12860 kB
Active(file):     365644 kB
Inactive(file):   179060 kB
Unevictable:           0 kB
Mlocked:               0 kB
SwapTotal:       2029632 kB
SwapFree:        2029632 kB
Dirty:                36 kB
Writeback:             0 kB
AnonPages:         39332 kB
Mapped:            43144 kB
Shmem:             13620 kB
Slab:              69820 kB
SReclaimable:      43396 kB
SUnreclaim:        26424 kB
KernelStack:        3280 kB
PageTables:         1496 kB
NFS_Unstable:          0 kB
Bounce:                0 kB
WritebackTmp:          0 kB
CommitLimit:     4059268 kB
Committed_AS:     256168 kB
VmallocTotal:   263061440 kB
VmallocUsed:           0 kB
VmallocChunk:          0 kB
AnonHugePages:      2048 kB
ShmemHugePages:        0 kB
ShmemPmdMapped:        0 kB
NvMapMemFree:          0 kB
NvMapMemUsed:          0 kB
CmaTotal:         475136 kB
CmaFree:          441280 kB
HugePages_Total:       0
HugePages_Free:        0
HugePages_Rsvd:        0
HugePages_Surp:        0
Hugepagesize:       2048 kB
